// Jest Snapshot v1, https://goo.gl/fbAQLP

exports[`<TopicsPage /> renders 1`] = `
ShallowWrapper {
  "length": 1,
  Symbol(enzyme.__root__): [Circular],
  Symbol(enzyme.__unrendered__): <TopicsPage
    organization={
      Object {
        "resourceId": "organization:tyrell",
        "topics": Object {
          "edges": Array [
            Object {
              "node": Object {
                "name": "Frotz",
                "uid": "1234",
              },
            },
          ],
        },
      }
    }
    viewer={
      Object {
        "name": "Rezrov",
      }
    }
  />,
  Symbol(enzyme.__renderer__): Object {
    "batchedUpdates": [Function],
    "getNode": [Function],
    "render": [Function],
    "simulateEvent": [Function],
    "unmount": [Function],
  },
  Symbol(enzyme.__node__): Object {
    "instance": null,
    "key": undefined,
    "nodeType": "host",
    "props": Object {
      "children": Array [
        <div
          className="Subhead"
        >
          <div
            className="Subhead-heading"
          >
            Topics
          </div>
        </div>,
        <Unknown
          hasItems={true}
          placeholder="There are no topics"
        >
          <Topic
            organization={
              Object {
                "resourceId": "organization:tyrell",
                "topics": Object {
                  "edges": Array [
                    Object {
                      "node": Object {
                        "name": "Frotz",
                        "uid": "1234",
                      },
                    },
                  ],
                },
              }
            }
            topic={
              Object {
                "name": "Frotz",
                "uid": "1234",
              }
            }
            viewer={
              Object {
                "name": "Rezrov",
              }
            }
          />
        </Unknown>,
      ],
    },
    "ref": null,
    "rendered": Array [
      Object {
        "instance": null,
        "key": undefined,
        "nodeType": "host",
        "props": Object {
          "children": <div
            className="Subhead-heading"
          >
            Topics
          </div>,
          "className": "Subhead",
        },
        "ref": null,
        "rendered": Object {
          "instance": null,
          "key": undefined,
          "nodeType": "host",
          "props": Object {
            "children": "Topics",
            "className": "Subhead-heading",
          },
          "ref": null,
          "rendered": "Topics",
          "type": "div",
        },
        "type": "div",
      },
      Object {
        "instance": null,
        "key": undefined,
        "nodeType": "function",
        "props": Object {
          "children": Array [
            <Topic
              organization={
                Object {
                  "resourceId": "organization:tyrell",
                  "topics": Object {
                    "edges": Array [
                      Object {
                        "node": Object {
                          "name": "Frotz",
                          "uid": "1234",
                        },
                      },
                    ],
                  },
                }
              }
              topic={
                Object {
                  "name": "Frotz",
                  "uid": "1234",
                }
              }
              viewer={
                Object {
                  "name": "Rezrov",
                }
              }
            />,
          ],
          "hasItems": true,
          "placeholder": "There are no topics",
        },
        "ref": null,
        "rendered": Array [
          Object {
            "instance": null,
            "key": "1234",
            "nodeType": "class",
            "props": Object {
              "organization": Object {
                "resourceId": "organization:tyrell",
                "topics": Object {
                  "edges": Array [
                    Object {
                      "node": Object {
                        "name": "Frotz",
                        "uid": "1234",
                      },
                    },
                  ],
                },
              },
              "topic": Object {
                "name": "Frotz",
                "uid": "1234",
              },
              "viewer": Object {
                "name": "Rezrov",
              },
            },
            "ref": null,
            "rendered": null,
            "type": [Function],
          },
        ],
        "type": [Function],
      },
    ],
    "type": "div",
  },
  Symbol(enzyme.__nodes__): Array [
    Object {
      "instance": null,
      "key": undefined,
      "nodeType": "host",
      "props": Object {
        "children": Array [
          <div
            className="Subhead"
          >
            <div
              className="Subhead-heading"
            >
              Topics
            </div>
          </div>,
          <Unknown
            hasItems={true}
            placeholder="There are no topics"
          >
            <Topic
              organization={
                Object {
                  "resourceId": "organization:tyrell",
                  "topics": Object {
                    "edges": Array [
                      Object {
                        "node": Object {
                          "name": "Frotz",
                          "uid": "1234",
                        },
                      },
                    ],
                  },
                }
              }
              topic={
                Object {
                  "name": "Frotz",
                  "uid": "1234",
                }
              }
              viewer={
                Object {
                  "name": "Rezrov",
                }
              }
            />
          </Unknown>,
        ],
      },
      "ref": null,
      "rendered": Array [
        Object {
          "instance": null,
          "key": undefined,
          "nodeType": "host",
          "props": Object {
            "children": <div
              className="Subhead-heading"
            >
              Topics
            </div>,
            "className": "Subhead",
          },
          "ref": null,
          "rendered": Object {
            "instance": null,
            "key": undefined,
            "nodeType": "host",
            "props": Object {
              "children": "Topics",
              "className": "Subhead-heading",
            },
            "ref": null,
            "rendered": "Topics",
            "type": "div",
          },
          "type": "div",
        },
        Object {
          "instance": null,
          "key": undefined,
          "nodeType": "function",
          "props": Object {
            "children": Array [
              <Topic
                organization={
                  Object {
                    "resourceId": "organization:tyrell",
                    "topics": Object {
                      "edges": Array [
                        Object {
                          "node": Object {
                            "name": "Frotz",
                            "uid": "1234",
                          },
                        },
                      ],
                    },
                  }
                }
                topic={
                  Object {
                    "name": "Frotz",
                    "uid": "1234",
                  }
                }
                viewer={
                  Object {
                    "name": "Rezrov",
                  }
                }
              />,
            ],
            "hasItems": true,
            "placeholder": "There are no topics",
          },
          "ref": null,
          "rendered": Array [
            Object {
              "instance": null,
              "key": "1234",
              "nodeType": "class",
              "props": Object {
                "organization": Object {
                  "resourceId": "organization:tyrell",
                  "topics": Object {
                    "edges": Array [
                      Object {
                        "node": Object {
                          "name": "Frotz",
                          "uid": "1234",
                        },
                      },
                    ],
                  },
                },
                "topic": Object {
                  "name": "Frotz",
                  "uid": "1234",
                },
                "viewer": Object {
                  "name": "Rezrov",
                },
              },
              "ref": null,
              "rendered": null,
              "type": [Function],
            },
          ],
          "type": [Function],
        },
      ],
      "type": "div",
    },
  ],
  Symbol(enzyme.__options__): Object {
    "adapter": ReactSixteenAdapter {
      "options": Object {
        "enableComponentDidUpdateOnSetState": true,
      },
    },
  },
}
`;
